// Jest Snapshot v1, https://goo.gl/fbAQLP

exports[`StreamingResult matches snapshot for a plain completed result 1`] = `
<RNCSafeAreaProvider
  onInsetsChange={[Function]}
  style={
    [
      {
        "flex": 1,
      },
      undefined,
    ]
  }
>
  <View
    collapsable={false}
    pointerEvents="box-none"
    style={
      {
        "flex": 1,
      }
    }
  >
    <View
      style={
        {
          "gap": 8,
        }
      }
    >
      <Text
        selectable={true}
        style={
          [
            {
              "textAlign": "left",
            },
            {
              "color": "rgba(28, 27, 31, 1)",
              "writingDirection": "ltr",
            },
            [
              {
                "fontFamily": "System",
                "fontSize": 16,
                "fontWeight": "400",
                "letterSpacing": 0.15,
                "lineHeight": 24,
              },
              undefined,
            ],
          ]
        }
      >
        完了した結果
      </Text>
    </View>
  </View>
</RNCSafeAreaProvider>
`;
